[Mon Jun 01 14:11:44 2026] === INICIANDO SERVIDOR ONG ===
[Mon Jun 01 14:11:44 2026] Cargando configuracion...
[Mon Jun 01 14:11:44 2026] Base de datos conectada con exito en la ruta: asociacion.db
[Mon Jun 01 14:11:44 2026] Servidor en linea. Escuchando peticiones en el puerto: 8888
[Mon Jun 01 14:17:31 2026] === INICIANDO SERVIDOR ONG ===
[Mon Jun 01 14:17:31 2026] Cargando configuracion...
[Mon Jun 01 14:17:31 2026] Base de datos conectada con exito en la ruta: asociacion.db
[Mon Jun 01 14:17:31 2026] Servidor en linea. Escuchando peticiones en el puerto: 8888
[Mon Jun 01 14:18:01 2026] === INICIANDO SERVIDOR ONG ===
[Mon Jun 01 14:18:01 2026] Cargando configuracion...
[Mon Jun 01 14:18:01 2026] Base de datos conectada con exito en la ruta: asociacion.db
[Mon Jun 01 14:18:01 2026] Servidor en linea. Escuchando peticiones en el puerto: 8888
[Mon Jun 01 18:20:05 2026] === INICIANDO SERVIDOR ONG ===
[Mon Jun 01 18:20:05 2026] Cargando configuracion...
[Mon Jun 01 18:20:05 2026] Base de datos conectada con exito en la ruta: asociacion.db
[Mon Jun 01 18:20:06 2026] Servidor en linea. Escuchando peticiones en el puerto: 8888
[Mon Jun 01 18:53:11 2026] === INICIANDO SERVIDOR ONG ===
[Mon Jun 01 18:53:11 2026] Cargando configuracion...
[Mon Jun 01 18:53:11 2026] Base de datos conectada con exito en la ruta: asociacion.db
[Mon Jun 01 18:53:11 2026] Servidor en linea. Escuchando peticiones en el puerto: 8888
[Mon Jun 01 19:04:32 2026] Cliente conectado al socket.
[Mon Jun 01 19:04:32 2026] Procesando Login Real para: IkerZabala
[Mon Jun 01 19:04:32 2026] ERROR SQL: No se pudo preparar la consulta de login.
[Mon Jun 01 19:04:32 2026] LOGIN FALLIDO: IkerZabala -> [ERROR] Error interno en el servidor.
[Mon Jun 01 19:04:32 2026] Cliente desconectado del socket.
[Mon Jun 01 19:11:38 2026] === INICIANDO SERVIDOR ONG ===
[Mon Jun 01 19:11:38 2026] Cargando configuracion...
[Mon Jun 01 19:11:38 2026] Base de datos conectada con exito en la ruta: asociacion.db
[Mon Jun 01 19:11:38 2026] Servidor en linea. Escuchando peticiones en el puerto: 8888
[Mon Jun 01 19:12:07 2026] Cliente conectado al socket.
[Mon Jun 01 19:12:07 2026] Procesando Login Real para: IkerZabala
[Mon Jun 01 19:12:07 2026] LOGIN EXITOSO: IkerZabala (ID: 1)
[Mon Jun 01 19:12:07 2026] Cliente desconectado del socket.
[Mon Jun 01 19:50:10 2026] === INICIANDO SERVIDOR ONG ===
[Mon Jun 01 19:50:10 2026] Cargando configuracion...
[Mon Jun 01 19:50:10 2026] Base de datos conectada con exito en la ruta: asociacion.db
[Mon Jun 01 19:50:10 2026] Servidor en linea. Escuchando peticiones en el puerto: 8888
[Mon Jun 01 19:51:39 2026] Cliente conectado al socket.
[Mon Jun 01 19:51:39 2026] Cliente desconectado del socket.
[Mon Jun 01 19:56:42 2026] === INICIANDO SERVIDOR ONG ===
[Mon Jun 01 19:56:42 2026] Cargando configuracion...
[Mon Jun 01 19:56:42 2026] Base de datos conectada con exito en la ruta: asociacion.db
[Mon Jun 01 19:56:42 2026] Servidor en linea. Escuchando peticiones en el puerto: 8888
[Mon Jun 01 19:57:01 2026] Cliente conectado al socket.
[Mon Jun 01 19:57:01 2026] Procesando Login Real para: IkerZabala
[Mon Jun 01 19:57:01 2026] LOGIN EXITOSO: IkerZabala (ID: 1)
[Mon Jun 01 19:57:01 2026] Cliente desconectado del socket.
[Mon Jun 01 19:57:15 2026] Cliente conectado al socket.
[Mon Jun 01 19:57:15 2026] Procesando Login Real para: admin
[Mon Jun 01 19:57:15 2026] LOGIN EXITOSO: admin (ID: 2)
[Mon Jun 01 19:57:15 2026] Cliente desconectado del socket.
[Mon Jun 01 20:04:04 2026] Cliente conectado al socket.
[Mon Jun 01 20:04:04 2026] Procesando registro de Voluntario: Arowis
[Mon Jun 01 20:04:04 2026] Cliente desconectado del socket.
[Mon Jun 01 20:04:19 2026] Cliente conectado al socket.
[Mon Jun 01 20:04:19 2026] Procesando Login Real para: Arowis
[Mon Jun 01 20:04:19 2026] LOGIN EXITOSO: Arowis (ID: 39)
[Mon Jun 01 20:04:19 2026] Cliente desconectado del socket.
[Tue Jun 02 18:21:11 2026] === INICIANDO SERVIDOR ONG ===
[Tue Jun 02 18:21:11 2026] Cargando configuracion...
[Tue Jun 02 18:21:11 2026] Base de datos conectada con exito en la ruta: asociacion.db
[Tue Jun 02 18:21:11 2026] Servidor en linea. Escuchando peticiones en el puerto: 8888
[Tue Jun 02 18:23:01 2026] Cliente conectado al socket.
[Tue Jun 02 18:23:01 2026] Procesando registro de Voluntario: zaloa18
[Tue Jun 02 18:23:01 2026] Cliente desconectado del socket.
[Tue Jun 02 18:23:20 2026] Cliente conectado al socket.
[Tue Jun 02 18:23:20 2026] Procesando Login Real para: zaloa18
[Tue Jun 02 18:23:20 2026] LOGIN EXITOSO: zaloa18 (ID: 40)
[Tue Jun 02 18:23:20 2026] Cliente desconectado del socket.
[Wed Jun 03 09:38:29 2026] === INICIANDO SERVIDOR ONG ===
[Wed Jun 03 09:38:29 2026] Cargando configuracion...
[Wed Jun 03 09:38:30 2026] Base de datos conectada con exito en la ruta: asociacion.db
[Wed Jun 03 09:38:30 2026] Servidor en linea. Escuchando peticiones en el puerto: 8888
[Wed Jun 03 09:39:38 2026] Cliente conectado al socket.
[Wed Jun 03 09:39:38 2026] Procesando Login Real para: IkerZabala
[Wed Jun 03 09:39:38 2026] LOGIN EXITOSO: IkerZabala (ID: 1)
[Wed Jun 03 09:39:38 2026] Cliente desconectado del socket.
[Wed Jun 03 18:49:33 2026] === INICIANDO SERVIDOR ONG ===
[Wed Jun 03 18:49:33 2026] Cargando configuracion...
[Wed Jun 03 18:49:33 2026] Base de datos conectada con exito en la ruta: asociacion.db
[Wed Jun 03 18:49:33 2026] Servidor en linea. Escuchando peticiones en el puerto: 8888
[Wed Jun 03 18:51:20 2026] Cliente conectado al socket.
[Wed Jun 03 18:51:20 2026] Procesando Login Real para: a
[Wed Jun 03 18:51:20 2026] LOGIN FALLIDO: a -> [ERROR] El usuario no existe.
[Wed Jun 03 18:51:20 2026] Cliente desconectado del socket.
[Wed Jun 03 18:51:32 2026] Cliente conectado al socket.
[Wed Jun 03 18:51:32 2026] Procesando registro de Voluntario: a
[Wed Jun 03 18:51:32 2026] Cliente desconectado del socket.
[Wed Jun 03 18:51:37 2026] Cliente conectado al socket.
[Wed Jun 03 18:51:37 2026] Procesando Login Real para: a
[Wed Jun 03 18:51:37 2026] LOGIN EXITOSO: a (ID: 41)
[Wed Jun 03 18:51:37 2026] Cliente desconectado del socket.
[Wed Jun 03 18:51:39 2026] Cliente conectado al socket.
[Wed Jun 03 18:51:39 2026] Usuario ID 41 solicita ver eventos disponibles.
[Wed Jun 03 18:51:39 2026] Cliente desconectado del socket.
[Wed Jun  3 21:02:34 2026] === INICIANDO SERVIDOR ONG ===
[Wed Jun  3 21:02:34 2026] Cargando configuracion...
[Wed Jun  3 21:02:34 2026] Base de datos conectada con exito en la ruta: asociacion.db
[Wed Jun  3 21:02:34 2026] Servidor en linea. Escuchando peticiones en el puerto: 8888
[Wed Jun  3 21:03:37 2026] Cliente conectado al socket.
[Wed Jun  3 21:03:37 2026] Procesando registro de Donante: juneza
[Wed Jun  3 21:03:37 2026] Cliente desconectado del socket.
[Wed Jun  3 21:03:44 2026] Cliente conectado al socket.
[Wed Jun  3 21:03:44 2026] Procesando Login Real para: juneza
[Wed Jun  3 21:03:44 2026] LOGIN EXITOSO: juneza (ID: 42)
[Wed Jun  3 21:03:44 2026] Cliente desconectado del socket.
[Wed Jun  3 21:06:01 2026] === INICIANDO SERVIDOR ONG ===
[Wed Jun  3 21:06:01 2026] Cargando configuracion...
[Wed Jun  3 21:06:01 2026] Base de datos conectada con exito en la ruta: asociacion.db
[Wed Jun  3 21:06:01 2026] Servidor en linea. Escuchando peticiones en el puerto: 8888
[Wed Jun  3 21:06:29 2026] Cliente conectado al socket.
[Wed Jun  3 21:06:29 2026] Procesando Login Real para: juneza
[Wed Jun  3 21:06:29 2026] LOGIN EXITOSO: juneza (ID: 42)
[Wed Jun  3 21:06:29 2026] Cliente desconectado del socket.
[Wed Jun  3 21:07:12 2026] Cliente conectado al socket.
[Wed Jun  3 21:07:12 2026] Peticion recibida: Historial de donaciones del Usuario ID: 42
[Wed Jun  3 21:07:12 2026] ERROR: Fallo SQL en historial para el Usuario ID: 42
[Wed Jun  3 21:07:12 2026] Cliente desconectado del socket.
[Wed Jun  3 21:17:12 2026] === INICIANDO SERVIDOR ONG ===
[Wed Jun  3 21:17:12 2026] Cargando configuracion...
[Wed Jun  3 21:17:12 2026] Base de datos conectada con exito en la ruta: asociacion.db
[Wed Jun  3 21:17:12 2026] Servidor en linea. Escuchando peticiones en el puerto: 8888
[Wed Jun  3 21:18:07 2026] Cliente conectado al socket.
[Wed Jun  3 21:18:07 2026] Procesando Login Real para: juneza
[Wed Jun  3 21:18:07 2026] LOGIN EXITOSO: juneza (ID: 42)
[Wed Jun  3 21:18:07 2026] Cliente desconectado del socket.
[Wed Jun  3 21:18:12 2026] Cliente conectado al socket.
[Wed Jun  3 21:18:12 2026] Peticion recibida: Registrar donacion de dinero del Usuario ID: 42
[Wed Jun  3 21:18:12 2026] ÉXITO: Donacion de dinero registrada para el Usuario ID: 42
[Wed Jun  3 21:18:12 2026] Cliente desconectado del socket.
[Wed Jun  3 21:18:15 2026] Cliente conectado al socket.
[Wed Jun  3 21:18:15 2026] Peticion recibida: Historial de donaciones del Usuario ID: 42
[Wed Jun  3 21:18:15 2026] ERROR: Fallo SQL en historial para el Usuario ID: 42
[Wed Jun  3 21:18:15 2026] Cliente desconectado del socket.
[Wed Jun  3 21:19:14 2026] Cliente conectado al socket.
[Wed Jun  3 21:19:14 2026] Peticion recibida: Registrar donacion de comida del Usuario ID: 42
[Wed Jun  3 21:19:14 2026] ÉXITO: Donacion de comida registrada para el Usuario ID: 42
[Wed Jun  3 21:19:15 2026] Cliente desconectado del socket.
[Wed Jun  3 21:19:17 2026] Cliente conectado al socket.
[Wed Jun  3 21:19:17 2026] Peticion recibida: Historial de donaciones del Usuario ID: 42
[Wed Jun  3 21:19:17 2026] ERROR: Fallo SQL en historial para el Usuario ID: 42
[Wed Jun  3 21:19:17 2026] Cliente desconectado del socket.
[Wed Jun  3 21:19:32 2026] Cliente conectado al socket.
[Wed Jun  3 21:19:32 2026] Peticion recibida: Registrar donacion de ropa del Usuario ID: 42
[Wed Jun  3 21:19:32 2026] ÉXITO: Donacion de ropa registrada para el Usuario ID: 42
[Wed Jun  3 21:19:32 2026] Cliente desconectado del socket.
[Wed Jun  3 21:19:33 2026] Cliente conectado al socket.
[Wed Jun  3 21:19:33 2026] Peticion recibida: Historial de donaciones del Usuario ID: 42
[Wed Jun  3 21:19:33 2026] ERROR: Fallo SQL en historial para el Usuario ID: 42
[Wed Jun  3 21:19:33 2026] Cliente desconectado del socket.
[Wed Jun  3 21:19:58 2026] Cliente conectado al socket.
[Wed Jun  3 21:19:58 2026] Procesando registro de Voluntario: oihanetxe
[Wed Jun  3 21:19:58 2026] Cliente desconectado del socket.
[Wed Jun  3 21:20:02 2026] Cliente conectado al socket.
[Wed Jun  3 21:20:02 2026] Procesando Login Real para: oihanetxe
[Wed Jun  3 21:20:02 2026] LOGIN EXITOSO: oihanetxe (ID: 43)
[Wed Jun  3 21:20:02 2026] Cliente desconectado del socket.
[Wed Jun  3 21:20:04 2026] Cliente conectado al socket.
[Wed Jun  3 21:20:04 2026] Usuario ID 43 solicita ver eventos disponibles.
[Wed Jun  3 21:20:04 2026] Cliente desconectado del socket.
[Wed Jun  3 21:20:16 2026] Cliente conectado al socket.
[Wed Jun  3 21:20:16 2026] Procesando inscripción de Usuario ID 43 en Evento ID 16
[Wed Jun  3 21:20:16 2026] INSCRIPCIÓN EXITOSA: Voluntario 43 -> Evento 16
[Wed Jun  3 21:20:16 2026] Cliente desconectado del socket.
[Wed Jun  3 21:20:20 2026] Cliente conectado al socket.
[Wed Jun  3 21:20:20 2026] Usuario ID 43 solicita ver sus eventos.
[Wed Jun  3 21:20:20 2026] Cliente desconectado del socket.
[Wed Jun  3 21:20:26 2026] Cliente conectado al socket.
[Wed Jun  3 21:20:26 2026] Usuario ID 43 solicita desapuntarse del evento 16.
[Wed Jun  3 21:20:26 2026] Cliente desconectado del socket.
[Wed Jun  3 21:20:29 2026] Cliente conectado al socket.
[Wed Jun  3 21:20:29 2026] Usuario ID 43 solicita ver sus eventos.
[Wed Jun  3 21:20:29 2026] Cliente desconectado del socket.
[Wed Jun  3 21:20:34 2026] Cliente conectado al socket.
[Wed Jun  3 21:20:34 2026] Usuario ID 43 solicita ver eventos disponibles.
[Wed Jun  3 21:20:34 2026] Cliente desconectado del socket.
[Wed Jun  3 21:20:36 2026] Cliente conectado al socket.
[Wed Jun  3 21:20:36 2026] Procesando inscripción de Usuario ID 43 en Evento ID 19
[Wed Jun  3 21:20:36 2026] INSCRIPCIÓN EXITOSA: Voluntario 43 -> Evento 19
[Wed Jun  3 21:20:36 2026] Cliente desconectado del socket.
[Wed Jun  3 21:20:37 2026] Cliente conectado al socket.
[Wed Jun  3 21:20:37 2026] Usuario ID 43 solicita ver sus eventos.
[Wed Jun  3 21:20:37 2026] Cliente desconectado del socket.
[Wed Jun  3 21:20:43 2026] Cliente conectado al socket.
[Wed Jun  3 21:20:43 2026] Usuario consulta remotamente las recogidas de ropa activas.
[Wed Jun  3 21:20:43 2026] Cliente desconectado del socket.
[Wed Jun  3 21:21:50 2026] Cliente conectado al socket.
[Wed Jun  3 21:21:50 2026] Procesando registro de Beneficiario: iker
[Wed Jun  3 21:21:50 2026] REGISTRO OK: Beneficiario guardado en cascada.
[Wed Jun  3 21:21:50 2026] Cliente desconectado del socket.
[Wed Jun  3 21:21:55 2026] Cliente conectado al socket.
[Wed Jun  3 21:21:55 2026] Procesando Login Real para: iker
[Wed Jun  3 21:21:55 2026] LOGIN EXITOSO: iker (ID: 44)
[Wed Jun  3 21:21:55 2026] Cliente desconectado del socket.
[Sat Jun 06 10:28:53 2026] === INICIANDO SERVIDOR ONG ===
[Sat Jun 06 10:28:53 2026] Cargando configuracion...
[Sat Jun 06 10:28:53 2026] Base de datos conectada con exito en la ruta: asociacion.db
[Sat Jun 06 10:28:53 2026] Servidor en linea. Escuchando peticiones en el puerto: 8888
[Sat Jun 06 10:32:46 2026] Cliente conectado al socket.
[Sat Jun 06 10:32:46 2026] Procesando Login Real para: iker
[Sat Jun 06 10:32:46 2026] LOGIN EXITOSO: iker (ID: 44)
[Sat Jun 06 10:32:46 2026] Cliente desconectado del socket.
[Sat Jun 06 10:45:50 2026] === INICIANDO SERVIDOR ONG ===
[Sat Jun 06 10:45:50 2026] Cargando configuracion...
[Sat Jun 06 10:45:50 2026] Base de datos conectada con exito en la ruta: asociacion.db
[Sat Jun 06 10:45:50 2026] Servidor en linea. Escuchando peticiones en el puerto: 8888
[Sat Jun 06 10:46:02 2026] Cliente conectado al socket.
[Sat Jun 06 10:46:02 2026] Procesando Login Real para: iker
[Sat Jun 06 10:46:02 2026] LOGIN FALLIDO: iker -> [ERROR] Contrasena incorrecta.
[Sat Jun 06 10:46:02 2026] Cliente desconectado del socket.
[Sat Jun 06 10:46:13 2026] Cliente conectado al socket.
[Sat Jun 06 10:46:13 2026] Procesando Login Real para: iker
[Sat Jun 06 10:46:13 2026] LOGIN EXITOSO: iker (ID: 44)
[Sat Jun 06 10:46:13 2026] Cliente desconectado del socket.
[Sat Jun 06 11:05:10 2026] Cliente conectado al socket.
[Sat Jun 06 11:05:10 2026] Procesando Login Real para: iker
[Sat Jun 06 11:05:10 2026] LOGIN EXITOSO: iker (ID: 44)
[Sat Jun 06 11:05:10 2026] Cliente desconectado del socket.
[Sat Jun 06 11:14:13 2026] Cliente conectado al socket.
[Sat Jun 06 11:14:13 2026] Procesando Login Real para: iker
[Sat Jun 06 11:14:13 2026] LOGIN EXITOSO: iker (ID: 44)
[Sat Jun 06 11:14:13 2026] Cliente desconectado del socket.
[Sat Jun 06 11:14:17 2026] Cliente conectado al socket.
[Sat Jun 06 11:14:17 2026] Usuario ID 0 solicita ver eventos disponibles.
[Sat Jun 06 11:14:17 2026] Cliente desconectado del socket.
[Sat Jun 06 11:16:24 2026] Cliente conectado al socket.
[Sat Jun 06 11:16:24 2026] Procesando Login Real para: iker
[Sat Jun 06 11:16:24 2026] LOGIN EXITOSO: iker (ID: 44)
[Sat Jun 06 11:16:24 2026] Cliente desconectado del socket.
[Sat Jun 06 11:16:27 2026] Cliente conectado al socket.
[Sat Jun 06 11:16:27 2026] Usuario ID 0 solicita ver eventos disponibles.
[Sat Jun 06 11:16:27 2026] Cliente desconectado del socket.
[Sat Jun 06 11:16:27 2026] Cliente conectado al socket.
[Sat Jun 06 11:16:27 2026] Usuario consulta remotamente las recogidas de ropa activas.
[Sat Jun 06 11:16:27 2026] Cliente desconectado del socket.
[Sat Jun 06 11:16:35 2026] Cliente conectado al socket.
[Sat Jun 06 11:16:35 2026] Usuario consulta remotamente las recogidas de ropa activas.
[Sat Jun 06 11:16:35 2026] Cliente desconectado del socket.
[Sat Jun 06 11:21:31 2026] Cliente conectado al socket.
[Sat Jun 06 11:21:31 2026] Procesando Login Real para: iker
[Sat Jun 06 11:21:31 2026] LOGIN EXITOSO: iker (ID: 44)
[Sat Jun 06 11:21:31 2026] Cliente desconectado del socket.
[Sat Jun 06 11:21:34 2026] Cliente conectado al socket.
[Sat Jun 06 11:21:34 2026] Usuario ID 0 solicita ver eventos disponibles.
[Sat Jun 06 11:21:34 2026] Cliente desconectado del socket.
[Sat Jun 06 11:21:34 2026] Cliente conectado al socket.
[Sat Jun 06 11:21:34 2026] Usuario consulta remotamente las recogidas de ropa activas.
[Sat Jun 06 11:21:34 2026] Cliente desconectado del socket.
[Sat Jun 06 11:22:24 2026] === INICIANDO SERVIDOR ONG ===
[Sat Jun 06 11:22:24 2026] Cargando configuracion...
[Sat Jun 06 11:22:24 2026] Base de datos conectada con exito en la ruta: asociacion.db
[Sat Jun 06 11:22:24 2026] Servidor en linea. Escuchando peticiones en el puerto: 8888
[Sat Jun 06 11:22:38 2026] Cliente conectado al socket.
[Sat Jun 06 11:22:38 2026] Procesando Login Real para: iker
[Sat Jun 06 11:22:38 2026] LOGIN EXITOSO: iker (ID: 44)
[Sat Jun 06 11:22:38 2026] Cliente desconectado del socket.
[Sat Jun 06 11:23:43 2026] Cliente conectado al socket.
[Sat Jun 06 11:23:43 2026] Usuario ID 0 solicita ver eventos disponibles.
[Sat Jun 06 11:23:43 2026] Cliente desconectado del socket.
[Sat Jun 06 11:23:43 2026] Cliente conectado al socket.
[Sat Jun 06 11:23:43 2026] Usuario consulta remotamente las recogidas de ropa activas.
[Sat Jun 06 11:23:43 2026] Cliente desconectado del socket.
[Sat Jun 06 11:26:58 2026] Cliente conectado al socket.
[Sat Jun 06 11:26:58 2026] Procesando Login Real para: iker
[Sat Jun 06 11:26:58 2026] LOGIN EXITOSO: iker (ID: 44)
[Sat Jun 06 11:26:58 2026] Cliente desconectado del socket.
[Sat Jun 06 11:27:01 2026] Cliente conectado al socket.
[Sat Jun 06 11:27:01 2026] Usuario ID 0 solicita ver eventos disponibles.
[Sat Jun 06 11:27:01 2026] Cliente desconectado del socket.
[Sat Jun 06 11:27:01 2026] Cliente conectado al socket.
[Sat Jun 06 11:27:01 2026] Usuario consulta remotamente las recogidas de ropa activas.
[Sat Jun 06 11:27:01 2026] Cliente desconectado del socket.
[Sat Jun 06 11:27:51 2026] Cliente conectado al socket.
[Sat Jun 06 11:27:51 2026] Procesando Login Real para: iker
[Sat Jun 06 11:27:51 2026] LOGIN EXITOSO: iker (ID: 44)
[Sat Jun 06 11:27:51 2026] Cliente desconectado del socket.
[Sat Jun 06 11:27:54 2026] Cliente conectado al socket.
[Sat Jun 06 11:27:54 2026] Usuario ID 0 solicita ver eventos disponibles.
[Sat Jun 06 11:27:54 2026] Cliente desconectado del socket.
[Sat Jun 06 11:27:54 2026] Cliente conectado al socket.
[Sat Jun 06 11:27:54 2026] Usuario consulta remotamente las recogidas de ropa activas.
[Sat Jun 06 11:27:54 2026] Cliente desconectado del socket.
[Sat Jun 06 11:29:50 2026] Cliente conectado al socket.
[Sat Jun 06 11:29:50 2026] Procesando Login Real para: iker
[Sat Jun 06 11:29:50 2026] LOGIN EXITOSO: iker (ID: 44)
[Sat Jun 06 11:29:50 2026] Cliente desconectado del socket.
[Sat Jun 06 11:29:52 2026] Cliente conectado al socket.
[Sat Jun 06 11:29:52 2026] Usuario ID 0 solicita ver eventos disponibles.
[Sat Jun 06 11:29:52 2026] Cliente desconectado del socket.
[Sat Jun 06 11:29:52 2026] Cliente conectado al socket.
[Sat Jun 06 11:29:52 2026] Usuario consulta remotamente las recogidas de ropa activas.
[Sat Jun 06 11:29:52 2026] Cliente desconectado del socket.
[Sat Jun 06 11:33:10 2026] Cliente conectado al socket.
[Sat Jun 06 11:33:10 2026] Procesando Login Real para: iker
[Sat Jun 06 11:33:10 2026] LOGIN EXITOSO: iker (ID: 44)
[Sat Jun 06 11:33:10 2026] Cliente desconectado del socket.
[Sat Jun 06 11:33:11 2026] Cliente conectado al socket.
[Sat Jun 06 11:33:11 2026] Usuario ID 0 solicita ver eventos disponibles.
[Sat Jun 06 11:33:11 2026] Cliente desconectado del socket.
[Sat Jun 06 11:33:11 2026] Cliente conectado al socket.
[Sat Jun 06 11:33:11 2026] Usuario consulta remotamente las recogidas de ropa activas.
[Sat Jun 06 11:33:11 2026] Cliente desconectado del socket.
[Sat Jun 06 11:36:42 2026] === INICIANDO SERVIDOR ONG ===
[Sat Jun 06 11:36:42 2026] Cargando configuracion...
[Sat Jun 06 11:36:42 2026] Base de datos conectada con exito en la ruta: asociacion.db
[Sat Jun 06 11:36:42 2026] Servidor en linea. Escuchando peticiones en el puerto: 8888
[Sat Jun 06 11:36:48 2026] Cliente conectado al socket.
[Sat Jun 06 11:36:48 2026] Procesando Login Real para: iker
[Sat Jun 06 11:36:48 2026] LOGIN EXITOSO: iker (ID: 44)
[Sat Jun 06 11:36:48 2026] Cliente desconectado del socket.
[Sat Jun 06 11:36:50 2026] Cliente conectado al socket.
[Sat Jun 06 11:36:50 2026] Usuario ID 0 solicita ver eventos disponibles.
[Sat Jun 06 11:36:50 2026] Cliente desconectado del socket.
[Sat Jun 06 11:36:50 2026] Cliente conectado al socket.
[Sat Jun 06 11:36:50 2026] Usuario consulta remotamente las recogidas de ropa activas.
[Sat Jun 06 11:36:50 2026] Cliente desconectado del socket.
[Sat Jun 06 11:37:27 2026] Cliente conectado al socket.
[Sat Jun 06 11:37:27 2026] Usuario consulta remotamente las recogidas de ropa activas.
[Sat Jun 06 11:37:27 2026] Cliente desconectado del socket.
